   1               		.file	"main.c"
   2               	__SREG__ = 0x3f
   3               	__SP_H__ = 0x3e
   4               	__SP_L__ = 0x3d
   5               	__CCP__  = 0x34
   6               	__tmp_reg__ = 0
   7               	__zero_reg__ = 1
  15               	.Ltext0:
  16               		.data
  17               	.LC0:
  18 0000 4465 6275 		.string	"Debug Started"
  18      6720 5374 
  18      6172 7465 
  18      6400 
  19               	.LC1:
  20 000e 504D 00   		.string	"PM"
  21               	.LC2:
  22 0011 414D 00   		.string	"AM"
  23               		.text
  24               	.global	main
  26               	main:
  27               	.LFB6:
  28               	.LM1:
  29 0000 CF93      		push r28
  30 0002 DF93      		push r29
  31               	/* prologue: function */
  32               	/* frame size = 0 */
  33               	.LM2:
  34 0004 549A      		sbi 42-32,4
  35               	.LM3:
  36 0006 5C98      		cbi 43-32,4
  37               	.LM4:
  38 0008 0E94 0000 		call RTC_Init
  39               	.LM5:
  40 000c 0E94 0000 		call debug_init
  41               	.LM6:
  42 0010 80E0      		ldi r24,lo8(.LC0)
  43 0012 90E0      		ldi r25,hi8(.LC0)
  44 0014 0E94 0000 		call debug_tx_text_nl
  45               	.LBB12:
  46               	.LBB13:
  47               	.LBB14:
  48               	.LBB15:
  49               	.LM7:
  50 0018 CCE2      		ldi r28,lo8(300)
  51 001a D1E0      		ldi r29,hi8(300)
  52               	.LVL0:
  53               	.L4:
  54               	.LBE15:
  55               	.LBE14:
  56               	.LBE13:
  57               	.LBE12:
  58               	.LM8:
  59 001c 0E94 0000 		call RTC_Get_Hr
  60               	.LVL1:
  61 0020 90E0      		ldi r25,lo8(0)
  62 0022 A0E0      		ldi r26,lo8(0)
  63 0024 B0E0      		ldi r27,hi8(0)
  64 0026 BC01      		movw r22,r24
  65 0028 CD01      		movw r24,r26
  66 002a 0E94 0000 		call debug_tx_number_cm
  67               	.LM9:
  68 002e 0E94 0000 		call RTC_Get_Min
  69 0032 90E0      		ldi r25,lo8(0)
  70 0034 A0E0      		ldi r26,lo8(0)
  71 0036 B0E0      		ldi r27,hi8(0)
  72 0038 BC01      		movw r22,r24
  73 003a CD01      		movw r24,r26
  74 003c 0E94 0000 		call debug_tx_number_cm
  75               	.LM10:
  76 0040 0E94 0000 		call RTC_Get_Sec
  77 0044 90E0      		ldi r25,lo8(0)
  78 0046 A0E0      		ldi r26,lo8(0)
  79 0048 B0E0      		ldi r27,hi8(0)
  80 004a BC01      		movw r22,r24
  81 004c CD01      		movw r24,r26
  82 004e 0E94 0000 		call debug_tx_number_sp
  83               	.LM11:
  84 0052 0E94 0000 		call RTC_Get_AmPm
  85 0056 8823      		tst r24
  86 0058 01F0      		breq .L2
  87               	.LM12:
  88 005a 80E0      		ldi r24,lo8(.LC1)
  89 005c 90E0      		ldi r25,hi8(.LC1)
  90 005e 00C0      		rjmp .L8
  91               	.L2:
  92               	.LM13:
  93 0060 80E0      		ldi r24,lo8(.LC2)
  94 0062 90E0      		ldi r25,hi8(.LC2)
  95               	.L8:
  96 0064 0E94 0000 		call debug_tx_text_nl
  97 0068 88E8      		ldi r24,lo8(5000)
  98 006a 93E1      		ldi r25,hi8(5000)
  99               	.LVL2:
 100               	.L6:
 101               	.LBB19:
 102               	.LBB18:
 103               	.LBB17:
 104               	.LBB16:
 105               	.LM14:
 106 006c FE01      		movw r30,r28
 107               	/* #APP */
 108               	 ;  105 "c:/winavr-20100110/lib/gcc/../../avr/include/util/delay_basic.h" 1
 109 006e 3197      		1: sbiw r30,1
 110 0070 01F4      		brne 1b
 111               	 ;  0 "" 2
 112               	/* #NOAPP */
 113               	.LBE16:
 114               	.LBE17:
 115               	.LM15:
 116 0072 0197      		sbiw r24,1
 117               	.LM16:
 118 0074 01F0      		breq .L4
 119 0076 00C0      		rjmp .L6
 120               	.LBE18:
 121               	.LBE19:
 122               	.LFE6:
 148               	.Letext0:
DEFINED SYMBOLS
                            *ABS*:00000000 main.c
C:\Users\FARIDU~1\AppData\Local\Temp/ccWUwI9s.s:2      *ABS*:0000003f __SREG__
C:\Users\FARIDU~1\AppData\Local\Temp/ccWUwI9s.s:3      *ABS*:0000003e __SP_H__
C:\Users\FARIDU~1\AppData\Local\Temp/ccWUwI9s.s:4      *ABS*:0000003d __SP_L__
C:\Users\FARIDU~1\AppData\Local\Temp/ccWUwI9s.s:5      *ABS*:00000034 __CCP__
C:\Users\FARIDU~1\AppData\Local\Temp/ccWUwI9s.s:6      *ABS*:00000000 __tmp_reg__
C:\Users\FARIDU~1\AppData\Local\Temp/ccWUwI9s.s:7      *ABS*:00000001 __zero_reg__
C:\Users\FARIDU~1\AppData\Local\Temp/ccWUwI9s.s:26     .text:00000000 main

UNDEFINED SYMBOLS
RTC_Init
debug_init
debug_tx_text_nl
RTC_Get_Hr
debug_tx_number_cm
RTC_Get_Min
RTC_Get_Sec
debug_tx_number_sp
RTC_Get_AmPm
__do_copy_data
